I'm sorry, but errors were detected in your script. Please correct the
errors listed below, and try again.


File "game/script.rpy", line 124: invalid syntax
        name = 

Ren'Py Version: Ren'Py 8.1.3.23091805
Wed Feb  7 14:46:24 2024
